正在获取最新市场数据，请稍候...
正在获取 930955 中证红利低波100 ...
正在获取 H30269 中证红利低波动 ...

--- 数据分析 ---
红利指数 投资信号

10年期国债收益率: 1.73%
国债收益率日期: 2026-07-22

────────────────────────
【930955 中证红利低波100】
指数估值日期: 2026-07-22
市盈率(PE): 8.66
股息率: 4.67%
股债利差: 2.94%
估值分区: 观察区（建立/维持核心仓位，小额常规定投。）
长期定投: 常规买入：股债利差尚可，保持常规定投。
短期波段: 短期持有：无明确买卖信号，持仓观望。

────────────────────────
【H30269 中证红利低波动】
指数估值日期: 2026-07-22
市盈率(PE): 7.79
股息率: 4.74%
股债利差: 3.01%
估值分区: 偏低估（略偏低估，可适度加仓。）
长期定投: 常规买入：股债利差尚可，保持常规定投。
短期波段: 短期持有：无明确买卖信号，持仓观望。
----------------
微信推送成功。
正在获取最新市场数据，请稍候...
正在获取 930955 中证红利低波100 ...
正在获取 H30269 中证红利低波动 ...
正在获取 H50040 上证红利低波 ...

--- 数据分析 ---
红利指数 投资信号
数据日期: 指数 2026-07-23 | 国债 2026-07-23
【宏观】10年期国债 1.73% | 近两年分位 32.6% ●中

────────────────────────
【930955 中证红利低波100】
PE 8.69 | 股息率 4.65%
【多维参考】
【估值】股债利差: 2.92% ●中 | PE十年分位: 77.2% ●差 | PB加权: 1.71 ●差
【分红】股息支付率: 40.4% ●优 | 盈利波动: 11.9% (分位19.3%) ●优
【情绪】成交拥挤度分位: 85.0% ●差
【质量】十年最大回撤: -28.6% ●中
【年度参考】2025年利差>3.5%达标 50/243天 (20.6%)
估值分区: 观察区（建立/维持核心仓位，小额常规定投。）
长期定投: 常规买入：股债利差尚可，保持常规定投。
短期波段: 短期持有：无明确买卖信号，持仓观望。

────────────────────────
【H30269 中证红利低波动】
PE 7.83 | 股息率 4.72%
【多维参考】
【估值】股债利差: 2.99% ●中 | PE十年分位: 71.6% ●差 | PB加权: 1.15 ●中
【分红】股息支付率: 37.0% ●优 | 盈利波动: 12.3% (分位18.3%) ●优
【情绪】成交拥挤度分位: 88.5% ●差
【质量】十年最大回撤: -30.1% ●中
【年度参考】2025年利差>3.5%达标 44/243天 (18.1%)
估值分区: 偏低估（略偏低估，可适度加仓。）
长期定投: 常规买入：股债利差尚可，保持常规定投。
短期波段: 短期持有：无明确买卖信号，持仓观望。

────────────────────────
【H50040 上证红利低波】
PE 7.78 | 股息率 4.61%
【多维参考】
【估值】股债利差: 2.88% ●中 | PE十年分位: 70.2% ●差 | PB加权: 1.12 ●中
【分红】股息支付率: 35.9% ●优 | 盈利波动: 12.4% (分位19.4%) ●优
【情绪】成交拥挤度分位: 84.3% ●差
【质量】十年最大回撤: -30.4% ●中
【年度参考】2025年利差>3.5%达标 14/243天 (5.8%)
估值分区: 偏低估（略偏低估，可适度加仓。）
长期定投: 常规买入：股债利差尚可，保持常规定投。
短期波段: 短期持有：无明确买卖信号，持仓观望。
----------------
微信推送成功。
正在获取红利指数数据，请稍候...
正在获取 930955 中证红利低波100 ...
正在获取 H30269 中证红利低波动 ...
正在获取中证 A500 数据，请稍候...
正在获取创业板指数据，请稍候...
正在获取纳斯达克 100 数据，请稍候...

--- 数据分析 ---
红利指数
2026-07-24 | 国债 1.73%
买入: 利差>阈值且利差分位高、PE分位低（各指数阈值见判定行）；卖出: 利差分位极低或PE分位极高；展示值与判定均来自估值面板

────────────────────────
930955 中证红利低波100
利差 3.09% | 利差分位 22.2% | 股息率 4.82%
PE 8.71 | PE分位 78.0%
信号: 波段卖出 | 达标 1/3
触发估算: 指数再跌约 5.6% 可达买入标准（估值推演，盘中参考）
✓ 股息-国债利差: 3.09%（需>3.00%）
✗ 利差历史分位: 22.2%（需≥31%）
  → 利差处于历史中低位
✗ PE 分位: 78.0%（需≤73%）
  → 市盈率处于历史中高位
结论: 触发波段卖出: 利差分位过低
建议: 波段卖出条件触发；持仓者可考虑减仓或止盈。

────────────────────────
H30269 中证红利低波动
利差 3.09% | 利差分位 29.8% | 股息率 4.82%
PE 7.87 | PE分位 86.8%
信号: 波段卖出 | 达标 1/3
触发估算: 指数再跌约 7.4% 可达买入标准（估值推演，盘中参考）
✓ 股息-国债利差: 3.09%（需>3.00%）
✗ 利差历史分位: 29.8%（需≥56%）
  → 利差处于历史中低位
✗ PE 分位: 86.8%（需≤64%）
  → 市盈率处于历史中高位
结论: 触发波段卖出: PE分位过高
建议: 波段卖出条件触发；持仓者可考虑减仓或止盈。

中证A500 投资信号
2026-07-24 | 国债 1.73% | 历史样本约 455 个交易日
买入逻辑: 股息率-国债利差、PE、股息率分位三项须同时达标

────────────────────────
000510 中证A500
利差 0.68% | 利差分位 51.5% | 股息率 2.41%
PE 16.72 | PE分位 74.4% | PB —
信号: 观望 | 达标 0/3
触发估算: 指数再跌约 18.3% 可达买入标准（估值推演，盘中参考）
✗ 股债利差分位: 51.5%（需≥88%）
  → 股息率相对国债优势不足
✗ PE 分位: 74.4%（需≤28%）
  → 市盈率处于历史中高位
✗ 股息率分位: 25.6%（需≥82%）
  → 股息回报处于历史中低位
结论: 股债利差未达买入门槛，是主要制约因素
建议: 暂不买入；等待股债利差或估值指标进一步改善。

创业板指 估值信号
2026-07-24 | 历史样本约 3903 个交易日 | 主口径: 加权PE/PB(乐咕创业板)，PE按月发布并按指数价日度折算
买入逻辑: PE/PB 加权分位偏低 + PEG(5年)≤阈值（三项须同时满足）

────────────────────────
399006 创业板指
PE 43.40 | PE分位 44.7% | PB 4.31 | PB分位 52.1%
PEG(5年) 2.61 | 近5年增速 16.6%
信号: 观望 | 达标 1/3
触发估算: 指数再跌约 21.3% 可达买入标准（估值推演，盘中参考）
✗ PE 分位(加权): 44.7%（需≤14%）
  → 市盈率处于历史中高位
✓ PB 分位(加权): 52.1%（需≤60%）
✗ PEG(近5年增速): 2.61（需≤2.1）
  → 估值相对历史盈利增速偏贵
结论: 未达标项: PE 分位(加权)、PEG(近5年增速)
建议: 暂不买入；等待 PE/PB 分位回落或 PEG 改善。

纳斯达克100 估值信号
2026-07-24 | 日频样本约 2514 个交易日 | TTM PE 日频约 52 日 | 近10年
买入逻辑: Forward PE分位偏低 + PEG(Forward)≤阈值 + 10Y利率分位不高（三项须同时满足）

────────────────────────
NDX 纳斯达克100
Forward PE 23.56 (分位 50.6%) | PEG(Forward) 0.82
隐含增速 28.6%
10Y美债 4.69% | 利率分位 99.0% | 股息率(QQQ代理) 0.47%
信号: 高估 | 达标 2/3
触发估算: 再跌约 35% 以内仍难达买入标准
✓ Forward PE 分位: 50.6%（需≤60%）
✓ PEG(Forward): 0.82（需≤1.5）
✗ 10Y 利率分位: 99.0%（需≤88%）
  → 无风险利率偏高，压制科技股估值
结论: 10Y利率分位99.0%偏高
建议: 估值偏高或利率压制明显，谨慎追高；持仓者可减仓。
----------------
Traceback (most recent call last):
  File "d:\repository\投资推送\push.py", line 84, in <module>
    sys.exit(main())
  File "d:\repository\投资推送\push.py", line 67, in main
    title = build_push_title(sections)
  File "d:\repository\投资推送\notify.py", line 9, in build_push_title
    parts = [f"{section['code']}{section['signal_short']}" for section in sections]
  File "d:\repository\投资推送\notify.py", line 9, in <listcomp>
    parts = [f"{section['code']}{section['signal_short']}" for section in sections]
TypeError: string indices must be integers
正在获取红利指数数据，请稍候...
正在获取 930955 中证红利低波100 ...
正在获取 H30269 中证红利低波动 ...
正在获取中证A500数据，请稍候...
正在获取沪深300数据，请稍候...
正在获取中证500数据，请稍候...
正在获取中证1000数据，请稍候...
正在获取科创50数据，请稍候...
正在获取创业板指数据，请稍候...
正在获取纳斯达克 100 数据，请稍候...
正在获取标普 500 数据，请稍候...

--- 数据分析 ---
红利指数
2026-07-24 | 国债 1.73%
买入: 利差>阈值且利差分位高、PE分位低（各指数阈值见判定行）；展示值与判定均来自估值面板

────────────────────────
930955 中证红利低波100
利差 3.09% | 利差分位 22.2% | 股息率 4.82%
PE 8.71 | PE分位 78.0%
信号: 观望 | 达标 1/4
触发估算: 指数再跌约 6.4% 可达买入标准（估值推演，盘中参考）
✗ 股息-国债利差: 3.09%（需>3.20%）
  → 股息率相对国债优势不足
✗ 利差历史分位: 22.2%（需≥37%）
  → 利差处于历史中低位
✗ PE 分位: 78.0%（需≤75%）
  → 市盈率处于历史中高位
✓ 距60日低点涨幅: 7.4%（需≤8%）
结论: 未达标项: 股息-国债利差、利差历史分位、PE 分位
建议: 暂不买入；等待利差扩大或 PE 分位回落。

────────────────────────
H30269 中证红利低波动
利差 3.09% | 利差分位 29.8% | 股息率 4.82%
PE 7.87 | PE分位 86.8%
信号: 观望 | 达标 1/4
触发估算: 指数再跌约 4.6% 可达买入标准（估值推演，盘中参考）
✗ 股息-国债利差: 3.09%（需>3.20%）
  → 股息率相对国债优势不足
✗ 利差历史分位: 29.8%（需≥48%）
  → 利差处于历史中低位
✗ PE 分位: 86.8%（需≤70%）
  → 市盈率处于历史中高位
✓ 距60日低点涨幅: 7.9%（需≤8%）
结论: 未达标项: 股息-国债利差、利差历史分位、PE 分位
建议: 暂不买入；等待利差扩大或 PE 分位回落。

中证A500 投资信号
2026-07-24 | 国债 1.73% | 历史样本约 455 个交易日
买入: 股债利差分位达标 + PE 分位偏低 + 价格位置（距低点/高点回撤）；卖出: PE 分位偏高且（利差收敛或短期涨幅过大）

────────────────────────
000510 中证A500
利差 0.68% | 利差分位 51.5% | 股息率 2.41%
PE 16.72 | PE分位 74.4% | PB —
信号: 观望 | 达标 1/3
触发估算: 指数再跌约 5.7% 可达买入标准（估值推演，盘中参考）
✗ 股债利差分位: 51.5%（需≥58%）
  → 股息率相对国债优势不足
✗ PE 分位: 74.4%（需≤70%）
  → 市盈率处于历史中高位
✓ 距60日低点涨幅: 2.3%（需≤7%）
结论: 股债利差未达买入门槛，是主要制约因素
建议: 暂不买入；等待股债利差或估值指标进一步改善。

沪深300 投资信号
2026-07-24 | 国债 1.73% | 历史样本约 1346 个交易日
买入: 股债利差分位达标 + PE 分位偏低 + 价格位置（距低点/高点回撤）；卖出: PE 分位偏高且（利差收敛或短期涨幅过大）

────────────────────────
000300 沪深300
利差 0.94% | 利差分位 76.4% | 股息率 2.67%
PE 14.72 | PE分位 77.5% | PB —
信号: 观望 | 达标 1/4
触发估算: 指数再跌约 10.8% 可达买入标准（估值推演，盘中参考）
✓ 股债利差分位: 76.4%（需≥74%）
✗ PE 分位: 77.5%（需≤58%）
  → 市盈率处于历史中高位
✗ 距120日低点涨幅: 5.2%（需≤3%）
  → 指数已从近期低点反弹较多
✗ 距252日高点回撤: 8.1%（需≥18%）
  → 指数距近期高点回撤不足
结论: 未达标项: PE 分位、距120日低点涨幅、距252日高点回撤（需3/4项达标）
建议: 暂不买入；等待股债利差或估值指标进一步改善。

中证500 投资信号
2026-07-24 | 国债 1.73% | 历史样本约 1346 个交易日
买入: 股债利差分位达标 + PE 分位偏低 + 价格位置（距低点/高点回撤）；卖出: PE 分位偏高且（利差收敛或短期涨幅过大）

────────────────────────
000905 中证500
利差 -0.36% | 利差分位 75.3% | 股息率 1.37%
PE 27.97 | PE分位 89.4% | PB —
信号: 观望 | 达标 2/3
触发估算: 指数再跌约 21.2% 可达买入标准（估值推演，盘中参考）
✓ 股债利差分位: 75.3%（需≥66%）
✗ PE 分位: 89.4%（需≤65%）
  → 市盈率处于历史中高位
✓ 距60日低点涨幅: 1.6%（需≤6%）
结论: 未达标项: PE 分位（需3/3项达标）
建议: 暂不买入；等待股债利差或估值指标进一步改善。

中证1000 投资信号
2026-07-24 | 国债 1.73% | 历史样本约 1346 个交易日
买入: 股债利差分位达标 + PE 分位偏低 + 价格位置（距低点/高点回撤）；卖出: PE 分位偏高且（利差收敛或短期涨幅过大）

────────────────────────
000852 中证1000
利差 -0.56% | 利差分位 87.2% | 股息率 1.17%
PE 30.33 | PE分位 80.1% | PB —
信号: 观望 | 达标 2/3
触发估算: 指数再跌约 6.7% 可达买入标准（估值推演，盘中参考）
✓ 股债利差分位: 87.2%（需≥65%）
✗ PE 分位: 80.1%（需≤67%）
  → 市盈率处于历史中高位
✓ 距60日低点涨幅: 0.4%（需≤6%）
结论: 未达标项: PE 分位（需3/3项达标）
建议: 暂不买入；等待股债利差或估值指标进一步改善。

科创50 投资信号
2026-07-24 | 国债 1.73% | 历史样本约 1346 个交易日
买入: 股债利差分位达标 + PE 分位偏低 + 价格位置（距低点/高点回撤）；卖出: PE 分位偏高且（利差收敛或短期涨幅过大）

────────────────────────
000688 科创50
利差 -1.50% | 利差分位 84.8% | 股息率 0.23%
PE 102.07 | PE分位 96.0% | PB —
信号: 观望 | 达标 1/3
触发估算: 再跌约 35% 以内仍难达买入标准
✓ 股债利差分位: 84.8%（需≥66%）
✗ PE 分位: 96.0%（需≤62%）
  → 市盈率处于历史中高位
✗ 距60日低点涨幅: 20.1%（需≤6%）
  → 指数已从近期低点反弹较多
结论: 未达标项: PE 分位、距60日低点涨幅（需3/3项达标）
建议: 暂不买入；等待股债利差或估值指标进一步改善。

创业板指 估值信号
2026-07-24 | 历史样本约 3903 个交易日 | 主口径: 加权PE/PB(乐咕创业板)，PE按月发布并按指数价日度折算
买入逻辑: PE/PB 加权分位偏低 + PEG(5年)≤阈值（三项须同时满足）；卖出: PE/PB 分位偏高或 PEG 过高

────────────────────────
399006 创业板指
PE 43.40 | PE分位 44.7% | PB 4.31 | PB分位 52.1%
PEG(5年) 2.61 | 近5年增速 16.6%
信号: 观望 | 达标 2/4
触发估算: 指数再跌约 3.6% 可达买入标准（估值推演，盘中参考）
✓ PE 分位(加权): 44.7%（需≤65%）
✗ PB 分位(加权): 52.1%（需≤48%）
  → 市净率处于历史中高位
✗ PEG(近5年增速): 2.61（需≤2.6）
  → 估值相对历史盈利增速偏贵
✓ 距60日低点涨幅: 1.5%（需≤6%）
结论: 未达标项: PB 分位(加权)、PEG(近5年增速)
建议: 暂不买入；等待 PE/PB 分位回落或 PEG 改善。

纳斯达克100 估值信号
2026-07-24 | 日频样本约 2513 个交易日 | TTM PE 日频约 52 日 | 近10年
买入逻辑: Forward PE分位偏低 + PEG(Forward)≤阈值 + 10Y利率分位不高（三项须同时满足）

────────────────────────
NDX 纳斯达克100
Forward PE 23.56 (分位 50.6%) | PEG(Forward) 0.82
隐含增速 28.6%
10Y美债 4.69% | 利率分位 99.0% | 股息率(QQQ代理) 0.47%
信号: 观望 | 达标 3/4
触发估算: 再跌约 35% 以内仍难达买入标准
✓ Forward PE 分位: 50.6%（需≤75%）
✓ PEG(Forward): 0.82（需≤1.6）
✗ 10Y 利率分位: 99.0%（需≤92%）
  → 无风险利率偏高，压制科技股估值
✓ 距60日低点涨幅: 3.5%（需≤10%）
结论: 未达标项: 10Y 利率分位
建议: 暂不买入；等待 PE 分位回落、PEG 下降或利率下行。

标普500 估值信号
2026-07-24 | 日频样本约 2513 个交易日 | TTM PE 日频约 170 日 | 近10年
买入逻辑: Forward PE分位偏低 + PEG(Forward)≤阈值 + 10Y利率分位不高（三项须同时满足）

────────────────────────
SPX 标普500
Forward PE 20.95 (分位 63.3%) | PEG(Forward) 0.71
隐含增速 29.4%
10Y美债 4.69% | 利率分位 99.0% | 股息率(SPY代理) —
信号: 观望 | 达标 3/4
触发估算: 再跌约 35% 以内仍难达买入标准
✓ Forward PE 分位: 63.3%（需≤74%）
✓ PEG(Forward): 0.71（需≤1.4）
✗ 10Y 利率分位: 99.0%（需≤92%）
  → 无风险利率偏高，压制估值
✓ 距60日低点涨幅: 3.9%（需≤8%）
结论: 未达标项: 10Y 利率分位
建议: 暂不买入；等待 PE 分位回落、PEG 下降或利率下行。
----------------
Traceback (most recent call last):
  File "d:\repository\投资推送\push.py", line 96, in <module>
    sys.exit(main())
  File "d:\repository\投资推送\push.py", line 74, in main
    title = build_push_title(sections)
  File "d:\repository\投资推送\notify.py", line 9, in build_push_title
    parts = [f"{section['code']}{section['signal_short']}" for section in sections]
  File "d:\repository\投资推送\notify.py", line 9, in <listcomp>
    parts = [f"{section['code']}{section['signal_short']}" for section in sections]
TypeError: string indices must be integers
^C